#ifndef stub_class_empty_hpp
#define stub_class_empty_hpp
#include "class_empty.hpp"

class StubSimple;

namespace StubInternalSimple {
void StubStubManagerRegister(::StubSimple* instance);
void StubStubManagerUnRegister(::StubSimple* instance);
} //NS:StubInternalSimple

class StubStubSimpleManager {
public:
    StubStubSimpleManager();
    ~StubStubSimpleManager();

    /// Get the first instance created.
    /// @return Pointer to instance or null if none is created.
    ::StubSimple* GetInstance();

    /// Get the Nth instance created.
    /// @return Pointer to instance or null if none was found.
    ::StubSimple* GetInstance(unsigned nth);
};

class StubSimple : public Simple {
};

#endif // stub_class_empty_hpp
