#include "stub_functions.hpp"

namespace {
Functions* test_double_inst = 0;
} //NS:

int foo(int a) {
    return test_double_inst->foo(a);
}

void bar(int a, int b) {
    test_double_inst->bar(a, b);
}

void fooBar() {
    test_double_inst->fooBar();
}

int printf(char * x1, ...) {
    return test_double_inst->printf(x1);
}

int a(int out) {
    return test_double_inst->a(out);
}

void fun(d_func p, Something_Big b) {
    test_double_inst->fun(p, b);
}

Functions_Manager::Functions_Manager() {
    test_double_inst = 0;
}

Functions_Manager::~Functions_Manager() {
    test_double_inst = 0;
}

void Functions_Manager::Connect(Functions& inst) {
    test_double_inst = &inst;
}

