#include "stub_functions.hpp"

namespace {
Functions* stub_inst = 0;
} //NS:

int foo(int a) {
    return stub_inst->foo(a);
}

void bar(int a, int b) {
    stub_inst->bar(a, b);
}

void fooBar() {
    stub_inst->fooBar();
}

int printf(char * x1, ...) {
    return stub_inst->printf(x1, );
}

int a(int out) {
    return stub_inst->a(out);
}

Functions_Manager::Functions_Manager() {
    stub_inst = 0;
}

Functions_Manager::~Functions_Manager() {
    stub_inst = 0;
}

void Functions_Manager::Connect(Functions& inst) {
    stub_inst = &inst;
}

