#ifndef stub_functions_hpp
#define stub_functions_hpp
#include "functions.hpp"

int foo(int a);
void bar(int a, int b);
void fooBar();
int printf(char * x1, ...);
int a(int out);

class Functions {
public:
    Functions();
    virtual ~Functions();
    virtual int foo(int a) = 0;
    virtual void bar(int a, int b) = 0;
    virtual void fooBar() = 0;
    virtual int printf(char * x1) = 0;
    virtual int a(int out) = 0;
};

/// Manage the shared memory area of the instance that fulfill the interface.
/// Connect inst to handle all stimuli.
class Functions_Manager {
public:
    Functions_Manager();
    ~Functions_Manager();
    void Connect(Functions& inst);
};
#endif // stub_functions_hpp
