#ifndef test_double_hpp
#define test_double_hpp
extern "C" {
#include "file1.h"
#include "file2.h"
}

namespace TestDouble {
class I_TestDouble {
public:
    virtual void dup() = 0;
    virtual void file1() = 0;
    virtual void file2() = 0;
};

///
///
class Adapter {
public:
    Adapter(I_TestDouble& inst);
    ~Adapter();
};

} //NS:TestDouble

#endif // test_double_hpp
