#ifndef test_double_gmock_hpp
#define test_double_gmock_hpp
#include "test_double.hpp"
#include "gmock/gmock.h"

namespace TestDouble {
class MockI_TestDouble : public I_TestDouble {
public:
    virtual ~MockI_TestDouble() {}

    MOCK_METHOD0(dup, void());
    MOCK_METHOD0(file1, void());
    MOCK_METHOD0(file2, void());
};
} //NS:TestDouble

#endif // test_double_gmock_hpp
