[
    {
        "directory": ".",
        "command": "g++ -I. -c -o binary file1.cpp",
        "file": "file1.cpp",
        "output": "binary",
        "arguments": "-I. -c -o binary file1.cpp"
    },
    {
        "directory": ".",
        "file": "file1.cpp",
        "output": "binary",
        "arguments": "-I. -c -o binary file1.cpp"
    },
    {
        "directory": ".",
        "command": "g++ -I. -c -o binary file1.h",
        "file": "file1.h"
    },
    {
        "directory": ".",
        "command": "g++ -I. -c -o binary file1.hpp",
        "file": "file1.hpp"
    }
]
