digraph g {
    layout=dot
    rankdir=LR
    pack=true
    concentrate=true
    // activate for orthogonal lines, aka straight lines
    // but can result in GraphViz/dot crashing
    //splines=ortho

    colorscheme=svg
    node [style=rounded shape=box]

    "cGx1Z2luX3Rlc3RkYXRhL3VtbC9jbGk" [label="cli"]
}
