@startuml
    class "C0"
    class "Dup"
    class "ns1"
    class "ns1::C1"
    class "ns1::D1"
    class "ns1::E1"
    class "ns1::File1"
    class "ns1::ns11::C11"
    class "ns1::ns11::D11"
    class "ns1::ns11::E11"
    class "ns1::ns11::E11Inherit"
    class "ns1::ns12::C12"
    class "ns1::ns12::D12"
    class "ns1::ns12::E12"
    class "ns2::File2"
    "ns2::File2" --|> "ns1::File1"
    "ns1::ns11::E11Inherit" --|> "ns1::ns12::E12"
    "ns1::ns11::E11Inherit" --|> "ns1::ns11::C11"
    "ns1::ns11::E11Inherit" --|> "ns1::E1"
    "Dup" *-- "ns1::File1"
@enduml
