#ifndef test_double_barf_a_gmock_hpp
#define test_double_barf_a_gmock_hpp
#include "test_double.hpp"
#include "gmock/gmock.h"

namespace barf {
namespace TestDouble {
class MockA : public ::barf::A {
public:
    virtual ~MockA() {}

    MOCK_METHOD1(a, void(bool x0));
};
} //NS:TestDouble

} //NS:barf
#endif // test_double_barf_a_gmock_hpp
