#ifndef test_double_simple_gmock_hpp
#define test_double_simple_gmock_hpp
#include "test_double.hpp"
#include "gmock/gmock.h"

namespace TestDouble {
class MockSimple : public Simple {
public:
    virtual ~MockSimple() {}

    MOCK_CONST_METHOD0(func1, void());
};
} //NS:TestDouble

#endif // test_double_simple_gmock_hpp
