#ifndef test_double_no_inherit_virtualwithdtor_gmock_hpp
#define test_double_no_inherit_virtualwithdtor_gmock_hpp
#include "test_double.hpp"
#include "gmock/gmock.h"

namespace no_inherit {
namespace TestDouble {
class MockVirtualWithDtor : public ::no_inherit::VirtualWithDtor {
public:
    virtual ~MockVirtualWithDtor() {}

};
} //NS:TestDouble

} //NS:no_inherit

#endif // test_double_no_inherit_virtualwithdtor_gmock_hpp
