#include "intercept.hpp"

void c_func_with_struct(const struct A *a) {
    i_c_func_with_struct(a);
}

int func_extern(int out) {
    return i_func_extern(out);
}

void func_variadic() {
    i_func_variadic();
}

int func_variadic_one_unnamed(char *x0, ...) {
    return i_func_variadic_one_unnamed(x0);
}

void unnamed_params(int x0, int x1) {
    i_unnamed_params(x0, x1);
}
