#ifndef test_double_hpp
#define test_double_hpp
extern "C" {
#include "bug_func_attr.h"
}

namespace TestDouble {
class I_TestDouble {
public:
    virtual void this_is_wrong(const int x, const char *z, const other_func_ptr w) = 0;
    virtual ~I_TestDouble() {}
};

///
///
class Adapter {
public:
    Adapter(I_TestDouble& inst);
    ~Adapter();
};

} //NS:TestDouble

#endif // test_double_hpp
