#ifndef test_double_hpp
#define test_double_hpp
extern "C" {
#include "bug_typedef_func.h"
}

namespace TestDouble {
class I_TestDouble {
public:
    virtual int fn(int x0, int *x1) = 0;
    virtual int fn1(int a, int *b) = 0;
    virtual void_ptr func() = 0;
    virtual ~I_TestDouble() {}
};

///
///
class Adapter {
public:
    Adapter(I_TestDouble &inst);
    ~Adapter();
};

} //NS:TestDouble

#endif // test_double_hpp
