#include "test_double.hpp"

#ifndef TEST_INIT_a
#define TEST_INIT_a const int a
#endif // TEST_INIT_a
#ifndef TEST_INIT_b
#define TEST_INIT_b const int *b
#endif // TEST_INIT_b
#ifndef TEST_INIT_bar
#define TEST_INIT_bar const Foo bar
#endif // TEST_INIT_bar
#ifndef TEST_INIT_c
#define TEST_INIT_c int *const c
#endif // TEST_INIT_c
#ifndef TEST_INIT_d
#define TEST_INIT_d const int *const d
#endif // TEST_INIT_d
#ifndef TEST_INIT_e
#define TEST_INIT_e const int *const *e
#endif // TEST_INIT_e
#ifndef TEST_INIT_f
#define TEST_INIT_f const int *const *const f
#endif // TEST_INIT_f
#ifndef TEST_INIT_g
#define TEST_INIT_g int *const *const g
#endif // TEST_INIT_g

TEST_INIT_a;
TEST_INIT_b;
TEST_INIT_bar;
TEST_INIT_c;
TEST_INIT_d;
TEST_INIT_e;
TEST_INIT_f;
TEST_INIT_g;
