#include "test_double.hpp"

#ifndef TEST_INIT_a
#define TEST_INIT_a a
#endif // TEST_INIT_a
#ifndef TEST_INIT_b
#define TEST_INIT_b b
#endif // TEST_INIT_b
#ifndef TEST_INIT_c
#define TEST_INIT_c c
#endif // TEST_INIT_c
#ifndef TEST_INIT_d
#define TEST_INIT_d d
#endif // TEST_INIT_d
#ifndef TEST_INIT_e
#define TEST_INIT_e e
#endif // TEST_INIT_e
#ifndef TEST_INIT_f
#define TEST_INIT_f f
#endif // TEST_INIT_f
#ifndef TEST_INIT_g
#define TEST_INIT_g g
#endif // TEST_INIT_g
#ifndef TEST_INIT_bar
#define TEST_INIT_bar bar
#endif // TEST_INIT_bar

const int TEST_INIT_a;
const int * TEST_INIT_b;
int *const  TEST_INIT_c;
const int *const  TEST_INIT_d;
const int *const * TEST_INIT_e;
const int *const *const  TEST_INIT_f;
int *const *const  TEST_INIT_g;
const Foo TEST_INIT_bar;
