#ifndef test_double_hpp
#define test_double_hpp
extern "C" {
#include "function_pointers.h"
}

namespace TestDouble {
class I_TestDouble {
public:
    virtual func_type * cyber(const unsigned int baz) = 0;
    virtual func_type * leopard(const unsigned int baz) = 0;
    virtual int typedef_array_func(int *x, int z[16]) = 0;
    virtual void tiger() = 0;
};

///
///
class Adapter {
public:
    Adapter(I_TestDouble& inst);
    ~Adapter();
};

} //NS:TestDouble

#endif // test_double_hpp
