#ifndef test_double_hpp
#define test_double_hpp
extern "C" {
#include "function_pointers.h"
}

namespace TestDouble {
class I_TestDouble {
public:
    virtual unsigned char tiger(const unsigned int x0) = 0;
    virtual unsigned char cyber(const unsigned int x0) = 0;
};

///
///
class Adaptor {
public:
    Adaptor(I_TestDouble& inst);
    ~Adaptor();
};

} //NS:TestDouble

#endif // test_double_hpp
