#include "test_double.hpp"

namespace {
Test_Double* stub_inst = 0;
} //NS:

extern "C" {
int foo(int a) {
    return stub_inst->foo(a);
}

void bar(int a, int b) {
    stub_inst->bar(a, b);
}

void fooBar() {
    stub_inst->fooBar();
}

int printff(char * x1, ...) {
    return stub_inst->printff(x1);
}

int a(int out) {
    return stub_inst->a(out);
}

void fun(d_func p, Something_Big b) {
    stub_inst->fun(p, b);
}

}

Test_Double_Manager::Test_Double_Manager() {
    stub_inst = 0;
}

Test_Double_Manager::~Test_Double_Manager() {
    stub_inst = 0;
}

void Test_Double_Manager::Connect(Test_Double& inst) {
    stub_inst = &inst;
}

