#ifndef test_double_hpp
#define test_double_hpp
extern "C" {
#include "functions.h"
}

namespace TestDouble {
class I_TestDouble {
public:
    virtual void c_func_with_struct(const struct A *a) = 0;
    virtual int func_extern(int out) = 0;
    virtual void func_variadic() = 0;
    virtual int func_variadic_one_unnamed(char *x0) = 0;
    virtual void unnamed_params(int x0, int x1) = 0;
    virtual ~I_TestDouble() {}
};

///
///
class Adapter {
public:
    Adapter(I_TestDouble& inst);
    ~Adapter();
};

} //NS:TestDouble

#endif // test_double_hpp
