#include "stub.hpp"

namespace {
Stub* test_double_inst = 0;
} //NS:

extern "C" {
void foo() {
    test_double_inst->foo();
}

}

Stub_Manager::Stub_Manager() {
    test_double_inst = 0;
}

Stub_Manager::~Stub_Manager() {
    test_double_inst = 0;
}

void Stub_Manager::Connect(Stub& inst) {
    test_double_inst = &inst;
}

