#ifndef test_double_hpp
#define test_double_hpp
extern "C" {
#include "param_restrict.h"
}

namespace TestDouble {
class I_TestDouble {
public:
    virtual void fun_a() = 0;
    virtual void fun_b() = 0;
    virtual ~I_TestDouble() {}
};

class I_TestDouble_InitGlobals {
public:
    virtual void var_a() = 0;
    virtual void var_b() = 0;
    virtual ~I_TestDouble_InitGlobals() {}
};

class Test_ZeroGlobals : public I_TestDouble_InitGlobals {
public:
    Test_ZeroGlobals();
    virtual void var_a();
    virtual void var_b();
    virtual ~Test_ZeroGlobals();
};

///
///
class Adapter {
public:
    Adapter(I_TestDouble &inst);
    Adapter(I_TestDouble &inst, I_TestDouble_InitGlobals &init_globals);
    ~Adapter();
};

} //NS:TestDouble

#endif // test_double_hpp
