#ifndef test_double_hpp
#define test_double_hpp
extern "C" {
#include "b.h"
#include "c.h"
#include "d.h"
#include "param_exclude_match_all.h"
}

class Test_Double {
public:
    virtual void fun_b() = 0;
    virtual void fun_c() = 0;
    virtual void fun_d() = 0;
    virtual void fun_a() = 0;
};

/// Manage the shared memory area of the instance that fulfill the interface.
/// Connect inst to handle all stimuli.
class Adaptor {
public:
    Adaptor(Test_Double& inst);
    ~Adaptor();
};

#endif // test_double_hpp
