#ifndef test_double_hpp
#define test_double_hpp
extern "C" {
#include "b.h"
#include "param_restrict.h"
}

namespace TestDouble {
class I_TestDouble {
public:
    virtual void fun_b() = 0;
    virtual void fun_a() = 0;
};

///
///
class Adapter {
public:
    Adapter(I_TestDouble& inst);
    ~Adapter();
};

} //NS:TestDouble

#endif // test_double_hpp
