#ifndef test_double_hpp
#define test_double_hpp
#include "test_double_pre_includes.hpp"
extern "C" {
#include "param_gen_pre_post_include.h"
}
#include "test_double_post_includes.hpp"

namespace TestDouble {
class I_TestDouble {
public:
    virtual void func() = 0;
};

///
///
class Adapter {
public:
    Adapter(I_TestDouble& inst);
    ~Adapter();
};

} //NS:TestDouble

#endif // test_double_hpp
