#include "test_double.hpp"

namespace {
Test_Double* test_double_inst = 0;
} //NS:

extern "C" {
void fun_c() {
    test_double_inst->fun_c();
}

void fun_d() {
    test_double_inst->fun_d();
}

}

Test_Double_Manager::Test_Double_Manager() {
    test_double_inst = 0;
}

Test_Double_Manager::~Test_Double_Manager() {
    test_double_inst = 0;
}

void Test_Double_Manager::Connect(Test_Double& inst) {
    test_double_inst = &inst;
}

