#ifndef test_double_hpp
#define test_double_hpp
extern "C" {
#include "b.h"
#include "c.h"
#include "d.h"
#include "param_exclude_match_all.h"
}

namespace TestDouble {
class I_TestDouble {
public:
    virtual void fun_b() = 0;
    virtual void fun_c() = 0;
    virtual void fun_d() = 0;
    virtual void fun_a() = 0;
};

///
///
class Adaptor {
public:
    Adaptor(I_TestDouble& inst);
    ~Adaptor();
};

} //NS:TestDouble

#endif // test_double_hpp
