#include "test_double.hpp"

namespace {
Test_Double* stub_inst = 0;
} //NS:

extern "C" {
void fun_b() {
    stub_inst->fun_b();
}

void fun_a() {
    stub_inst->fun_a();
}

}

Test_Double_Manager::Test_Double_Manager() {
    stub_inst = 0;
}

Test_Double_Manager::~Test_Double_Manager() {
    stub_inst = 0;
}

void Test_Double_Manager::Connect(Test_Double& inst) {
    stub_inst = &inst;
}

