#include "test_double.hpp"

namespace {
TestDouble::I_TestDouble* test_double_inst = 0;
} //NS:

namespace TestDouble {


Adaptor::Adaptor(I_TestDouble& inst) {
    test_double_inst = &inst;
}

Adaptor::~Adaptor() {
    test_double_inst = 0;
}

} //NS:TestDouble

extern "C" {
void fun_c() {
    test_double_inst->fun_c();
}

void fun_d() {
    test_double_inst->fun_d();
}

}
